
[1m[46m RUN [49m[22m [36mv3.2.6 [39m[90md:/anything/apps/web[39m

[31mNo test files found, exiting with code 1
[39m
[2mfilter: [22m[33m;[2m, [22mecho[2m, [22mEXIT_CODE=$?[39m
[2minclude: [22m[33m**/*.test.ts[39m
[2mexclude:  [22m[33m**/node_modules/**[2m, [22m**/dist/**[2m, [22m**/cypress/**[2m, [22m**/.{idea,git,cache,output,temp}/**[2m, [22m**/{karma,rollup,webpack,vite,vitest,jest,ava,babel,nyc,cypress,tsup,build,eslint,prettier}.config.*[39m

