[1m[43m DEPRECATED [49m[22m [33m'basic' reporter is deprecated and will be removed in Vitest v3.
Remove 'basic' from 'reporters' option. To match 'basic' reporter 100%, use configuration:
{
  "test": {
    "reporters": [
      [
        "default",
        {
          "summary": false
        }
      ]
    ]
  }
}[39m

[31m⎯⎯⎯⎯⎯⎯[39m[1m[41m Failed Suites 1 [49m[22m[31m⎯⎯⎯⎯⎯⎯⎯[39m

[41m[1m FAIL [22m[49m src/app/api/utils/dbRetry.test.ts[2m [ src/app/api/utils/dbRetry.test.ts ][22m
[31m[1mError[22m: Failed to resolve import "./dbRetry" from "src/app/api/utils/dbRetry.test.ts". Does the file exist?[39m
  Plugin: [35mvite:import-analysis[39m
  File: [36mD:/anything/apps/web/src/app/api/utils/dbRetry.test.ts[39m:15:51
[33m  1  |  import { describe, it, expect, vi } from "vitest";
  2  |  import { isTransientDbError, runWithDbRetry } from "./dbRetry";
     |                                                      ^
  3  |  describe("isTransientDbError", () => {
  4  |    it("classifies connection-class errors as transient", () => {[39m
[90m [2m❯[22m TransformPluginContext._formatLog node_modules/vite/dist/node/chunks/config.js:[2m29019:43[22m[39m
[90m [2m❯[22m TransformPluginContext.error node_modules/vite/dist/node/chunks/config.js:[2m29016:14[22m[39m
[90m [2m❯[22m normalizeUrl node_modules/vite/dist/node/chunks/config.js:[2m27139:18[22m[39m
[90m [2m❯[22m node_modules/vite/dist/node/chunks/config.js:[2m27197:32[22m[39m
[90m [2m❯[22m TransformPluginContext.transform node_modules/vite/dist/node/chunks/config.js:[2m27165:4[22m[39m
[90m [2m❯[22m EnvironmentPluginContainer.transform node_modules/vite/dist/node/chunks/config.js:[2m28817:14[22m[39m
[90m [2m❯[22m loadAndTransform node_modules/vite/dist/node/chunks/config.js:[2m22686:26[22m[39m

[31m[2m⎯⎯⎯⎯⎯⎯⎯⎯⎯⎯⎯⎯⎯⎯⎯⎯⎯⎯⎯⎯⎯⎯⎯⎯[1/1]⎯[22m[39m

